// Jest Snapshot v1, https://goo.gl/fbAQLP

exports[`should render comment loader correctly 1`] = `
<div
  className="list-item"
>
  <ContentLoader
    height="60"
    primaryColor="#f3f3f3"
    secondaryColor="#e2e2e2"
    speed={2}
  >
    <rect
      height="3"
      rx="1"
      ry="1"
      width="25%"
      x="0"
      y="10%"
    />
    <rect
      height="3"
      rx="1"
      ry="1"
      width="85%"
      x="0"
      y="40%"
    />
    <rect
      height="3"
      rx="1"
      ry="1"
      width="80%"
      x="0"
      y="60%"
    />
    <rect
      height="3"
      rx="1"
      ry="1"
      width="40%"
      x="0"
      y="80%"
    />
  </ContentLoader>
</div>
`;
